<!DOCTYPE html>
<html>
    <head>
        <title>    This is the extended title
</title>
    </head>
    <body>
            This is the new context
    </body>
</html>
