Default<br>


&lt;script type=&quot;text/javascript&quot;&gt;alert(&quot;Hacked!&quot;);&lt;/script&gt;<br>


Hello, <strong>John</strong>.<br>


hello &lt;strong&gt;John&lt;/strong&gt;
 <br>


    You are not signed in.

<div class="container">
    <div class="row">
        <div class="col-sm-12">
            <table class="table table-bordered">
                                    <tr>
                        <th>ID</th>
                        <th>Name</th>
                        <th>Email</th>
                    </tr>
                                            <tr id="0">
                            <td>1</td>
                            <td>John Doe</td>
                            <td>john.doe@doe.com</td>
                        </tr>
                                            <tr id="1">
                            <td>2</td>
                            <td>Jen Doe</td>
                            <td>jen.doe@example.com</td>
                        </tr>
                                            <tr id="2">
                            <td>3</td>
                            <td>Jerry Doe</td>
                            <td>jerry.doe@doe.com</td>
                        </tr>
                                                </table>
        </div>
    </div>
</div>
